"mvnw.cmd" no se reconoce como un comando interno o externo,
programa o archivo por lotes ejecutable.
